// Jest Snapshot v1, https://goo.gl/fbAQLP

exports[`Photo should match snapshot 1`] = `ShallowWrapper {}`;

exports[`Photo should match snapshot when state isn't updated so far 1`] = `ShallowWrapper {}`;
